<?xml version='1.0' encoding='UTF-8' standalone='yes' ?><Card><Type>OCCASIONNELLE</Type><ID>0</ID><Trip><List index="0" Date="04/10/2016" Time="11:35" Transfert="false" OperatorId="20" BusId="1" OperatorName="RTC" BusName="LEBUS 1" /><List index="1" Date="22/03/2016" Time="08:14" Transfert="true" OperatorId="20" BusId="1" OperatorName="RTC" BusName="LEBUS 1" /></Trip><Contract><List index="0" Subscription="false" Valid="true" NbTicket="0" OperatorId="20" OperatorName="RTC" /></Contract></Card>