<?xml version='1.0' encoding='UTF-8' standalone='yes' ?><Card><Type>OCCASIONNELLE</Type><ID>0</ID><Trip><List index="0" Date="28/09/2016" Time="21:51" Transfert="false" OperatorId="20" BusId="16" OperatorName="RTC" BusName="LEBUS 28" /><List index="1" Date="28/09/2016" Time="17:25" Transfert="false" OperatorId="20" BusId="96" OperatorName="RTC" BusName="METROBUS 801" /></Trip><Contract><List index="0" Subscription="false" Valid="true" NbTicket="0" OperatorId="20" OperatorName="RTC" /></Contract></Card>