<?xml version='1.0' encoding='UTF-8' standalone='yes' ?><Card><Type>OCCASIONNELLE</Type><ID>0</ID><Trip><List index="0" Date="06/12/2016" Time="16:18" Transfert="false" OperatorId="20" BusId="164" OperatorName="RTC" BusName="" /><List index="1" Date="06/12/2016" Time="15:52" Transfert="true" OperatorId="20" BusId="164" OperatorName="RTC" BusName="" /></Trip><Contract><List index="0" Subscription="false" Valid="true" NbTicket="0" OperatorId="20" OperatorName="RTC" /></Contract></Card>
