<?xml version='1.0' encoding='UTF-8' standalone='yes' ?><Card><Type>OCCASIONNELLE</Type><ID>0</ID><Trip><List index="0" Date="26/11/2016" Time="21:28" Transfert="false" OperatorId="20" BusId="96" OperatorName="RTC" BusName="METROBUS 801" /><List index="1" Date="26/11/2016" Time="15:58" Transfert="false" OperatorId="20" BusId="16" OperatorName="RTC" BusName="LEBUS 28" /></Trip><Contract><List index="0" Subscription="false" Valid="true" NbTicket="0" OperatorId="20" OperatorName="RTC" /></Contract></Card>