<?xml version='1.0' encoding='UTF-8' standalone='yes' ?><Card><Type>OCCASIONNELLE</Type><ID>0</ID><Trip><List index="0" Date="01/12/2016" Time="17:14" Transfert="false" OperatorId="20" BusId="316" OperatorName="RTC" BusName="" /><List index="1" Date="01/12/2016" Time="11:33" Transfert="false" OperatorId="20" BusId="96" OperatorName="RTC" BusName="METROBUS 801" /></Trip><Contract><List index="0" Subscription="true" Valid="false" NbTicket="0" OperatorId="20" OperatorName="RTC" /></Contract></Card>
