<?xml version='1.0' encoding='UTF-8' standalone='yes' ?><Card><Type>OCCASIONNELLE</Type><ID>0</ID><Trip><List index="0" Date="30/09/2016" Time="11:05" Transfert="false" OperatorId="20" BusId="317" OperatorName="RTC" BusName="METROBUS 807" /></Trip><Contract><List index="0" Subscription="false" Valid="true" NbTicket="1" OperatorId="20" OperatorName="RTC" /></Contract></Card>
