<?xml version='1.0' encoding='UTF-8' standalone='yes' ?><Card><Type>OCCASIONNELLE</Type><ID>0</ID><Trip><List index="0" Date="12/12/2016" Time="17:22" Transfert="true" OperatorId="20" BusId="3" OperatorName="RTC" BusName="LEBUS 4" /><List index="1" Date="12/12/2016" Time="17:10" Transfert="false" OperatorId="20" BusId="5" OperatorName="RTC" BusName="" /></Trip><Contract><List index="0" Subscription="false" Valid="true" NbTicket="0" OperatorId="20" OperatorName="RTC" /></Contract></Card>
