<?xml version='1.0' encoding='UTF-8' standalone='yes' ?><Card><Type>OCCASIONNELLE</Type><ID>0</ID><Trip><List index="0" Date="25/07/2016" Time="22:04" Transfert="false" OperatorId="8" BusId="2" OperatorName="STM" BusName="" /><List index="1" Date="25/07/2016" Time="19:48" Transfert="false" OperatorId="8" BusId="1" OperatorName="STM" BusName="" /></Trip><Contract><List index="0" Subscription="true" Valid="false" NbTicket="0" OperatorId="8" OperatorName="STM" /></Contract></Card>
