<?xml version='1.0' encoding='UTF-8' standalone='yes' ?><Card><Type>OPUS</Type><ID>2462159549</ID><ExpirationDate>30/06/2017</ExpirationDate><Trip><List index="0" Date="31/01/2014" Time="14:08" Transfert="false" OperatorId="20" BusId="16" OperatorName="RTC" BusName="LEBUS 28" /><List index="1" Date="30/01/2014" Time="11:28" Transfert="false" OperatorId="20" BusId="16" OperatorName="RTC" BusName="LEBUS 28" /><List index="2" Date="29/01/2014" Time="11:37" Transfert="false" OperatorId="20" BusId="16" OperatorName="RTC" BusName="LEBUS 28" /></Trip><Contract><List index="0" Subscription="true" Valid="false" NbTicket="0" OperatorId="20" ValidityDate="31/12/2013" /><List index="1" Subscription="true" Valid="false" NbTicket="0" OperatorId="20" ValidityDate="31/01/2014" /><List index="2" Subscription="false" Valid="false" NbTicket="0" OperatorId="20" /></Contract></Card>