<?xml version='1.0' encoding='UTF-8' standalone='yes' ?><Card><Type>OPUS</Type><ID>2469829578</ID><ExpirationDate>30/09/2020</ExpirationDate><Trip><List index="0" Date="11/03/2018" Time="22:19" Transfert="false" OperatorId="20" BusId="317" OperatorName="RTC" BusName="METROBUS 807" /><List index="1" Date="11/03/2018" Time="19:16" Transfert="false" OperatorId="20" BusId="317" OperatorName="RTC" BusName="METROBUS 807" /><List index="2" Date="10/03/2018" Time="16:13" Transfert="false" OperatorId="20" BusId="95" OperatorName="RTC" BusName="METROBUS 800" /></Trip><Contract><List index="0" Subscription="true" Valid="true" NbTicket="0" OperatorId="20" OperatorName="RTC" ValidityDate="31/03/2018" /><List index="1" Subscription="true" Valid="false" NbTicket="0" OperatorId="20" ValidityDate="31/01/2018" /><List index="2" Subscription="false" Valid="true" NbTicket="1" OperatorId="8" OperatorName="STM" /></Contract></Card>

