<?xml version='1.0' encoding='UTF-8' standalone='yes' ?><Card><Type>OPUS</Type><ID>2460248418</ID><ExpirationDate>31/01/2017</ExpirationDate><Trip><List index="0" Date="30/12/2016" Time="16:44" Transfert="false" OperatorId="20" BusId="95" OperatorName="RTC" BusName="METROBUS 800" /><List index="1" Date="02/03/2013" Time="20:43" Transfert="false" OperatorId="20" BusId="95" OperatorName="RTC" BusName="METROBUS 800" /><List index="2" Date="27/02/2013" Time="09:57" Transfert="false" OperatorId="20" BusId="172" OperatorName="RTC" BusName="METROBUS 803" /></Trip><Contract><List index="0" Subscription="false" Valid="false" NbTicket="0" OperatorId="20" /><List index="1" Subscription="false" Valid="false" NbTicket="0" OperatorId="20" /><List index="2" Subscription="false" Valid="false" NbTicket="0" OperatorId="20" /></Contract></Card>
